ClassDecl (name: Main, superClass: Object)
| MethodDecl (argumentNames: [], argumentTypes: [], name: main, returnType: void)
| | Seq ()
| | | VarDecl (name: i0, type: int)
| | | VarDecl (name: i1, type: int)
| | | VarDecl (name: i2, type: int)
| | | VarDecl (name: i3, type: int)
| | | VarDecl (name: i4, type: int)
| | | VarDecl (name: i5, type: int)
| | | VarDecl (name: i6, type: int)
| | | VarDecl (name: i7, type: int)
| | | VarDecl (name: i8, type: int)
| | | VarDecl (name: i9, type: int)
| | | VarDecl (name: i10, type: int)
| | | VarDecl (name: i11, type: int)
| | | VarDecl (name: i12, type: int)
| | | VarDecl (name: i13, type: int)
| | | VarDecl (name: i14, type: int)
| | | VarDecl (name: i15, type: int)
| | | VarDecl (name: i16, type: int)
| | | VarDecl (name: i17, type: int)
| | | VarDecl (name: i18, type: int)
| | | VarDecl (name: i19, type: int)
| | | VarDecl (name: i20, type: int)
| | | VarDecl (name: i21, type: int)
| | | VarDecl (name: i22, type: int)
| | | VarDecl (name: i23, type: int)
| | | VarDecl (name: i24, type: int)
| | | VarDecl (name: i25, type: int)
| | | VarDecl (name: i26, type: int)
| | | VarDecl (name: i27, type: int)
| | | VarDecl (name: i28, type: int)
| | | VarDecl (name: i29, type: int)
| | | VarDecl (name: i30, type: int)
| | | VarDecl (name: i31, type: int)
| | | VarDecl (name: r1, type: int)
| | Seq ()
| | | Assign ()
| | | | Var (name: i0)
| | | | IntConst (value: 1)
| | | Assign ()
| | | | Var (name: i1)
| | | | IntConst (value: 2)
| | | Assign ()
| | | | Var (name: i2)
| | | | IntConst (value: 3)
| | | Assign ()
| | | | Var (name: i3)
| | | | IntConst (value: 4)
| | | Assign ()
| | | | Var (name: i4)
| | | | IntConst (value: 5)
| | | Assign ()
| | | | Var (name: i5)
| | | | IntConst (value: 6)
| | | Assign ()
| | | | Var (name: i6)
| | | | IntConst (value: 7)
| | | Assign ()
| | | | Var (name: i7)
| | | | IntConst (value: 8)
| | | Assign ()
| | | | Var (name: i8)
| | | | IntConst (value: 9)
| | | Assign ()
| | | | Var (name: i9)
| | | | IntConst (value: 10)
| | | Assign ()
| | | | Var (name: i10)
| | | | IntConst (value: 11)
| | | Assign ()
| | | | Var (name: i11)
| | | | IntConst (value: 12)
| | | Assign ()
| | | | Var (name: i12)
| | | | IntConst (value: 13)
| | | Assign ()
| | | | Var (name: i13)
| | | | IntConst (value: 14)
| | | Assign ()
| | | | Var (name: i14)
| | | | IntConst (value: 15)
| | | Assign ()
| | | | Var (name: i15)
| | | | IntConst (value: 16)
| | | Assign ()
| | | | Var (name: i16)
| | | | IntConst (value: 17)
| | | Assign ()
| | | | Var (name: i17)
| | | | IntConst (value: 18)
| | | Assign ()
| | | | Var (name: i18)
| | | | IntConst (value: 19)
| | | Assign ()
| | | | Var (name: i19)
| | | | IntConst (value: 20)
| | | Assign ()
| | | | Var (name: i20)
| | | | IntConst (value: 21)
| | | Assign ()
| | | | Var (name: i21)
| | | | IntConst (value: 22)
| | | Assign ()
| | | | Var (name: i22)
| | | | IntConst (value: 23)
| | | Assign ()
| | | | Var (name: i23)
| | | | IntConst (value: 24)
| | | Assign ()
| | | | Var (name: i24)
| | | | IntConst (value: 25)
| | | Assign ()
| | | | Var (name: i25)
| | | | IntConst (value: 26)
| | | Assign ()
| | | | Var (name: i26)
| | | | IntConst (value: 27)
| | | Assign ()
| | | | Var (name: i27)
| | | | IntConst (value: 28)
| | | Assign ()
| | | | Var (name: i28)
| | | | IntConst (value: 29)
| | | Assign ()
| | | | Var (name: i29)
| | | | IntConst (value: 30)
| | | Assign ()
| | | | Var (name: i30)
| | | | IntConst (value: 31)
| | | Assign ()
| | | | Var (name: i31)
| | | | IntConst (value: 32)
| | | Assign ()
| | | | Var (name: r1)
| | | | BinaryOp (operator: B_PLUS)
| | | | | BinaryOp (operator: B_PLUS)
| | | | | | BinaryOp (operator: B_PLUS)
| | | | | | | BinaryOp (operator: B_PLUS)
| | | | | | | | BinaryOp (operator: B_PLUS)
| | | | | | | | | Var (name: i0)
| | | | | | | | | Var (name: i1)
| | | | | | | | BinaryOp (operator: B_PLUS)
| | | | | | | | | Var (name: i2)
| | | | | | | | | Var (name: i3)
| | | | | | | BinaryOp (operator: B_PLUS)
| | | | | | | | BinaryOp (operator: B_PLUS)
| | | | | | | | | Var (name: i4)
| | | | | | | | | Var (name: i5)
| | | | | | | | BinaryOp (operator: B_PLUS)
| | | | | | | | | Var (name: i6)
| | | | | | | | | Var (name: i7)
| | | | | | BinaryOp (operator: B_PLUS)
| | | | | | | BinaryOp (operator: B_PLUS)
| | | | | | | | BinaryOp (operator: B_PLUS)
| | | | | | | | | Var (name: i8)
| | | | | | | | | Var (name: i9)
| | | | | | | | BinaryOp (operator: B_PLUS)
| | | | | | | | | Var (name: i10)
| | | | | | | | | Var (name: i11)
| | | | | | | BinaryOp (operator: B_PLUS)
| | | | | | | | BinaryOp (operator: B_PLUS)
| | | | | | | | | Var (name: i12)
| | | | | | | | | Var (name: i13)
| | | | | | | | BinaryOp (operator: B_PLUS)
| | | | | | | | | Var (name: i14)
| | | | | | | | | Var (name: i15)
| | | | | BinaryOp (operator: B_PLUS)
| | | | | | BinaryOp (operator: B_PLUS)
| | | | | | | BinaryOp (operator: B_PLUS)
| | | | | | | | BinaryOp (operator: B_PLUS)
| | | | | | | | | Var (name: i16)
| | | | | | | | | Var (name: i17)
| | | | | | | | BinaryOp (operator: B_PLUS)
| | | | | | | | | Var (name: i18)
| | | | | | | | | Var (name: i19)
| | | | | | | BinaryOp (operator: B_PLUS)
| | | | | | | | BinaryOp (operator: B_PLUS)
| | | | | | | | | Var (name: i20)
| | | | | | | | | Var (name: i21)
| | | | | | | | BinaryOp (operator: B_PLUS)
| | | | | | | | | Var (name: i22)
| | | | | | | | | Var (name: i23)
| | | | | | BinaryOp (operator: B_PLUS)
| | | | | | | BinaryOp (operator: B_PLUS)
| | | | | | | | BinaryOp (operator: B_PLUS)
| | | | | | | | | Var (name: i24)
| | | | | | | | | Var (name: i25)
| | | | | | | | BinaryOp (operator: B_PLUS)
| | | | | | | | | Var (name: i26)
| | | | | | | | | Var (name: i27)
| | | | | | | BinaryOp (operator: B_PLUS)
| | | | | | | | BinaryOp (operator: B_PLUS)
| | | | | | | | | Var (name: i28)
| | | | | | | | | Var (name: i29)
| | | | | | | | BinaryOp (operator: B_PLUS)
| | | | | | | | | Var (name: i30)
| | | | | | | | | Var (name: i31)
| | | BuiltInWrite ()
| | | | Var (name: r1)
| | | BuiltInWriteln ()
| | | Assign ()
| | | | Var (name: r1)
| | | | BinaryOp (operator: B_PLUS)
| | | | | BinaryOp (operator: B_PLUS)
| | | | | | BinaryOp (operator: B_PLUS)
| | | | | | | BinaryOp (operator: B_PLUS)
| | | | | | | | BinaryOp (operator: B_PLUS)
| | | | | | | | | Var (name: i0)
| | | | | | | | | Var (name: i1)
| | | | | | | | BinaryOp (operator: B_PLUS)
| | | | | | | | | Var (name: i2)
| | | | | | | | | Var (name: i3)
| | | | | | | BinaryOp (operator: B_PLUS)
| | | | | | | | BinaryOp (operator: B_PLUS)
| | | | | | | | | Var (name: i4)
| | | | | | | | | Var (name: i5)
| | | | | | | | BinaryOp (operator: B_PLUS)
| | | | | | | | | Var (name: i6)
| | | | | | | | | Var (name: i7)
| | | | | | BinaryOp (operator: B_PLUS)
| | | | | | | BinaryOp (operator: B_PLUS)
| | | | | | | | BinaryOp (operator: B_PLUS)
| | | | | | | | | Var (name: i8)
| | | | | | | | | Var (name: i9)
| | | | | | | | BinaryOp (operator: B_PLUS)
| | | | | | | | | Var (name: i10)
| | | | | | | | | Var (name: i11)
| | | | | | | BinaryOp (operator: B_PLUS)
| | | | | | | | BinaryOp (operator: B_PLUS)
| | | | | | | | | Var (name: i12)
| | | | | | | | | Var (name: i13)
| | | | | | | | BinaryOp (operator: B_PLUS)
| | | | | | | | | Var (name: i14)
| | | | | | | | | Var (name: i15)
| | | | | BinaryOp (operator: B_PLUS)
| | | | | | BinaryOp (operator: B_PLUS)
| | | | | | | BinaryOp (operator: B_PLUS)
| | | | | | | | BinaryOp (operator: B_PLUS)
| | | | | | | | | Var (name: i16)
| | | | | | | | | Var (name: i17)
| | | | | | | | BinaryOp (operator: B_PLUS)
| | | | | | | | | Var (name: i18)
| | | | | | | | | Var (name: i19)
| | | | | | | BinaryOp (operator: B_PLUS)
| | | | | | | | BinaryOp (operator: B_PLUS)
| | | | | | | | | Var (name: i20)
| | | | | | | | | Var (name: i21)
| | | | | | | | BinaryOp (operator: B_PLUS)
| | | | | | | | | Var (name: i22)
| | | | | | | | | Var (name: i23)
| | | | | | BinaryOp (operator: B_PLUS)
| | | | | | | BinaryOp (operator: B_PLUS)
| | | | | | | | BinaryOp (operator: B_PLUS)
| | | | | | | | | Var (name: i24)
| | | | | | | | | Var (name: i25)
| | | | | | | | BinaryOp (operator: B_PLUS)
| | | | | | | | | Var (name: i26)
| | | | | | | | | Var (name: i27)
| | | | | | | BinaryOp (operator: B_PLUS)
| | | | | | | | BinaryOp (operator: B_PLUS)
| | | | | | | | | Var (name: i28)
| | | | | | | | | Var (name: i29)
| | | | | | | | BinaryOp (operator: B_PLUS)
| | | | | | | | | Var (name: i30)
| | | | | | | | | Var (name: i31)
| | | BuiltInWrite ()
| | | | Var (name: r1)
| | | BuiltInWriteln ()
| | | Assign ()
| | | | Var (name: r1)
| | | | BinaryOp (operator: B_PLUS)
| | | | | BinaryOp (operator: B_PLUS)
| | | | | | BinaryOp (operator: B_PLUS)
| | | | | | | BinaryOp (operator: B_PLUS)
| | | | | | | | BinaryOp (operator: B_PLUS)
| | | | | | | | | Var (name: i0)
| | | | | | | | | Var (name: i1)
| | | | | | | | BinaryOp (operator: B_PLUS)
| | | | | | | | | Var (name: i2)
| | | | | | | | | Var (name: i3)
| | | | | | | BinaryOp (operator: B_PLUS)
| | | | | | | | BinaryOp (operator: B_PLUS)
| | | | | | | | | Var (name: i4)
| | | | | | | | | Var (name: i5)
| | | | | | | | BinaryOp (operator: B_PLUS)
| | | | | | | | | Var (name: i6)
| | | | | | | | | Var (name: i7)
| | | | | | BinaryOp (operator: B_PLUS)
| | | | | | | BinaryOp (operator: B_PLUS)
| | | | | | | | BinaryOp (operator: B_PLUS)
| | | | | | | | | Var (name: i8)
| | | | | | | | | Var (name: i9)
| | | | | | | | BinaryOp (operator: B_PLUS)
| | | | | | | | | Var (name: i10)
| | | | | | | | | Var (name: i11)
| | | | | | | BinaryOp (operator: B_PLUS)
| | | | | | | | BinaryOp (operator: B_PLUS)
| | | | | | | | | Var (name: i12)
| | | | | | | | | Var (name: i13)
| | | | | | | | BinaryOp (operator: B_PLUS)
| | | | | | | | | Var (name: i14)
| | | | | | | | | Var (name: i15)
| | | | | BinaryOp (operator: B_PLUS)
| | | | | | BinaryOp (operator: B_PLUS)
| | | | | | | BinaryOp (operator: B_PLUS)
| | | | | | | | BinaryOp (operator: B_PLUS)
| | | | | | | | | Var (name: i16)
| | | | | | | | | Var (name: i17)
| | | | | | | | BinaryOp (operator: B_PLUS)
| | | | | | | | | Var (name: i18)
| | | | | | | | | Var (name: i19)
| | | | | | | BinaryOp (operator: B_PLUS)
| | | | | | | | BinaryOp (operator: B_PLUS)
| | | | | | | | | Var (name: i20)
| | | | | | | | | Var (name: i21)
| | | | | | | | BinaryOp (operator: B_PLUS)
| | | | | | | | | Var (name: i22)
| | | | | | | | | Var (name: i23)
| | | | | | BinaryOp (operator: B_PLUS)
| | | | | | | BinaryOp (operator: B_PLUS)
| | | | | | | | BinaryOp (operator: B_PLUS)
| | | | | | | | | Var (name: i24)
| | | | | | | | | Var (name: i25)
| | | | | | | | BinaryOp (operator: B_PLUS)
| | | | | | | | | Var (name: i26)
| | | | | | | | | Var (name: i27)
| | | | | | | BinaryOp (operator: B_PLUS)
| | | | | | | | BinaryOp (operator: B_PLUS)
| | | | | | | | | Var (name: i28)
| | | | | | | | | Var (name: i29)
| | | | | | | | BinaryOp (operator: B_PLUS)
| | | | | | | | | Var (name: i30)
| | | | | | | | | Var (name: i31)
| | | BuiltInWrite ()
| | | | Var (name: r1)
| | | BuiltInWriteln ()
| | | Assign ()
| | | | Var (name: r1)
| | | | BinaryOp (operator: B_PLUS)
| | | | | BinaryOp (operator: B_PLUS)
| | | | | | BinaryOp (operator: B_PLUS)
| | | | | | | BinaryOp (operator: B_PLUS)
| | | | | | | | BinaryOp (operator: B_PLUS)
| | | | | | | | | Var (name: i0)
| | | | | | | | | Var (name: i1)
| | | | | | | | BinaryOp (operator: B_PLUS)
| | | | | | | | | Var (name: i2)
| | | | | | | | | Var (name: i3)
| | | | | | | BinaryOp (operator: B_PLUS)
| | | | | | | | BinaryOp (operator: B_PLUS)
| | | | | | | | | Var (name: i4)
| | | | | | | | | Var (name: i5)
| | | | | | | | BinaryOp (operator: B_PLUS)
| | | | | | | | | Var (name: i6)
| | | | | | | | | Var (name: i7)
| | | | | | BinaryOp (operator: B_PLUS)
| | | | | | | BinaryOp (operator: B_PLUS)
| | | | | | | | BinaryOp (operator: B_PLUS)
| | | | | | | | | Var (name: i8)
| | | | | | | | | Var (name: i9)
| | | | | | | | BinaryOp (operator: B_PLUS)
| | | | | | | | | Var (name: i10)
| | | | | | | | | Var (name: i11)
| | | | | | | BinaryOp (operator: B_PLUS)
| | | | | | | | BinaryOp (operator: B_PLUS)
| | | | | | | | | Var (name: i12)
| | | | | | | | | Var (name: i13)
| | | | | | | | BinaryOp (operator: B_PLUS)
| | | | | | | | | Var (name: i14)
| | | | | | | | | Var (name: i15)
| | | | | BinaryOp (operator: B_PLUS)
| | | | | | BinaryOp (operator: B_PLUS)
| | | | | | | BinaryOp (operator: B_PLUS)
| | | | | | | | BinaryOp (operator: B_PLUS)
| | | | | | | | | Var (name: i16)
| | | | | | | | | Var (name: i17)
| | | | | | | | BinaryOp (operator: B_PLUS)
| | | | | | | | | Var (name: i18)
| | | | | | | | | Var (name: i19)
| | | | | | | BinaryOp (operator: B_PLUS)
| | | | | | | | BinaryOp (operator: B_PLUS)
| | | | | | | | | Var (name: i20)
| | | | | | | | | Var (name: i21)
| | | | | | | | BinaryOp (operator: B_PLUS)
| | | | | | | | | Var (name: i22)
| | | | | | | | | Var (name: i23)
| | | | | | BinaryOp (operator: B_PLUS)
| | | | | | | BinaryOp (operator: B_PLUS)
| | | | | | | | BinaryOp (operator: B_PLUS)
| | | | | | | | | Var (name: i24)
| | | | | | | | | Var (name: i25)
| | | | | | | | BinaryOp (operator: B_PLUS)
| | | | | | | | | Var (name: i26)
| | | | | | | | | Var (name: i27)
| | | | | | | BinaryOp (operator: B_PLUS)
| | | | | | | | BinaryOp (operator: B_PLUS)
| | | | | | | | | Var (name: i28)
| | | | | | | | | Var (name: i29)
| | | | | | | | BinaryOp (operator: B_PLUS)
| | | | | | | | | Var (name: i30)
| | | | | | | | | Var (name: i31)
| | | BuiltInWrite ()
| | | | Var (name: r1)
| | | BuiltInWriteln ()
