ClassDecl (name: Main, superClass: Object)
| VarDecl (name: object, type: A_Super_Class)
| MethodDecl (argumentNames: [], argumentTypes: [], name: main, returnType: void)
| | Seq ()
| | | VarDecl (name: q, type: float)
| | | VarDecl (name: a, type: A_Class)
| | Seq ()
| | | Assign ()
| | | | Var (name: a)
| | | | NewObject (typeName: A_Class)
| | | Assign ()
| | | | Field (fieldName: x)
| | | | | Var (name: a)
| | | | IntConst (value: 99)
| | | Assign ()
| | | | Field (fieldName: y)
| | | | | Var (name: a)
| | | | FloatConst (value: 0.5)
| | | Assign ()
| | | | Var (name: object)
| | | | Var (name: a)
| | | MethodCall (methodName: updateAndPrint)
| | | | Var (name: object)
| | | | IntConst (value: 12)
| | | MethodCall (methodName: updateAndPrint)
| | | | Var (name: object)
| | | | IntConst (value: 14)
| | | BuiltInWrite ()
| | | | MethodCallExpr (methodName: getX)
| | | | | Var (name: a)
| | | BuiltInWriteln ()
ClassDecl (name: A_Super_Class, superClass: Object)
| MethodDecl (argumentNames: [amount], argumentTypes: [int], name: updateAndPrint, returnType: void)
| | Seq ()
| | Seq ()
| | | MethodCall (methodName: update)
| | | | ThisRef ()
| | | | Var (name: amount)
| | | MethodCall (methodName: print)
| | | | ThisRef ()
| MethodDecl (argumentNames: [], argumentTypes: [], name: print, returnType: void)
| | Seq ()
| | Seq ()
| MethodDecl (argumentNames: [amount], argumentTypes: [int], name: update, returnType: void)
| | Seq ()
| | Seq ()
ClassDecl (name: A_Class, superClass: A_Super_Class)
| VarDecl (name: x, type: int)
| VarDecl (name: y, type: float)
| MethodDecl (argumentNames: [], argumentTypes: [], name: print, returnType: void)
| | Seq ()
| | Seq ()
| | | BuiltInWrite ()
| | | | Var (name: x)
| | | BuiltInWriteln ()
| | | BuiltInWriteFloat ()
| | | | Var (name: y)
| | | BuiltInWriteln ()
| | | BuiltInWriteln ()
| MethodDecl (argumentNames: [amount], argumentTypes: [int], name: update, returnType: void)
| | Seq ()
| | Seq ()
| | | Assign ()
| | | | Var (name: x)
| | | | Var (name: amount)
| MethodDecl (argumentNames: [], argumentTypes: [], name: getX, returnType: int)
| | Seq ()
| | Seq ()
| | | ReturnStmt ()
| | | | Var (name: x)
