ClassDecl (name: Main, superClass: Object)
| VarDecl (name: localA, type: int)
| VarDecl (name: localB, type: int)
| MethodDecl (argumentNames: [], argumentTypes: [], name: main, returnType: void)
| | Seq ()
| | Seq ()
| | | IfElse ()
| | | | BinaryOp (operator: B_GREATER_THAN)
| | | | | Var (name: localA)
| | | | | Var (name: localB)
| | | | Seq ()
| | | | Nop ()
