ClassDecl (name: A, superClass: B)
ClassDecl (name: B, superClass: C)
ClassDecl (name: C, superClass: D)
ClassDecl (name: D, superClass: B)
ClassDecl (name: Main, superClass: Object)
| MethodDecl (argumentNames: [], argumentTypes: [], name: main, returnType: void)
| | Seq ()
| | Seq ()
| | | BuiltInWriteln ()
