ClassDecl (name: X, superClass: Object)
| VarDecl (name: field, type: int)
ClassDecl (name: Main, superClass: Object)
| MethodDecl (argumentNames: [], argumentTypes: [], name: main, returnType: void)
| | Seq ()
| | | VarDecl (name: x, type: X)
| | Seq ()
| | | Assign ()
| | | | Var (name: x)
| | | | NewObject (typeName: X)
ClassDecl (name: X, superClass: Object)
| VarDecl (name: a, type: int)
