ClassDecl (name: X, superClass: Object)
| VarDecl (name: field, type: int)
ClassDecl (name: Main, superClass: Object)
| MethodDecl (argumentNames: [], argumentTypes: [], name: main, returnType: void)
| | Seq ()
| | Seq ()
ClassDecl (name: Object, superClass: Object)
| MethodDecl (argumentNames: [], argumentTypes: [], name: hi, returnType: void)
| | Seq ()
| | Seq ()
