ClassDecl (name: X, superClass: Object)
| VarDecl (name: field, type: int)
| MethodDecl (argumentNames: [x, y, z], argumentTypes: [int, float, int], name: blablaSum, returnType: int)
| | Seq ()
| | Seq ()
| | | IfElse ()
| | | | IntConst (value: 12)
| | | | Seq ()
| | | | Seq ()
| | | ReturnStmt ()
| | | | BinaryOp (operator: B_PLUS)
| | | | | Var (name: x)
| | | | | Var (name: z)
ClassDecl (name: Main, superClass: Object)
| MethodDecl (argumentNames: [], argumentTypes: [], name: main, returnType: void)
| | Seq ()
| | Seq ()
