ClassDecl (name: X, superClass: Object)
| VarDecl (name: field, type: int)
ClassDecl (name: Main, superClass: Object)
| MethodDecl (argumentNames: [], argumentTypes: [], name: main, returnType: void)
| | Seq ()
| | | VarDecl (name: x, type: X)
| | | VarDecl (name: z, type: Z)
| | | VarDecl (name: d, type: D)
| | | VarDecl (name: result, type: float)
| | Seq ()
| | | Assign ()
| | | | Var (name: z)
| | | | NewObject (typeName: Z)
| | | Assign ()
| | | | Var (name: result)
| | | | MethodCallExpr (methodName: bla)
| | | | | Var (name: z)
| | | | | MethodCallExpr (methodName: blala)
| | | | | | Var (name: z)
ClassDecl (name: Z, superClass: X)
| VarDecl (name: a, type: int)
| VarDecl (name: b, type: int)
| MethodDecl (argumentNames: [zuu], argumentTypes: [int], name: bla, returnType: float)
| | Seq ()
| | Seq ()
| | | ReturnStmt ()
| | | | BinaryOp (operator: B_TIMES)
| | | | | FloatConst (value: 3.14)
| | | | | FloatConst (value: 3.14)
| MethodDecl (argumentNames: [], argumentTypes: [], name: blabla, returnType: float)
| | Seq ()
| | Seq ()
| | | ReturnStmt ()
| | | | BinaryOp (operator: B_MINUS)
| | | | | BinaryOp (operator: B_PLUS)
| | | | | | BinaryOp (operator: B_TIMES)
| | | | | | | FloatConst (value: 323.0)
| | | | | | | FloatConst (value: 434.0)
| | | | | | FloatConst (value: 3.12)
| | | | | IntConst (value: 3)
ClassDecl (name: D, superClass: Z)
