ClassDecl (name: X, superClass: Object)
| VarDecl (name: field, type: int)
ClassDecl (name: Main, superClass: X)
| MethodDecl (argumentNames: [], argumentTypes: [], name: main, returnType: void)
| | Seq ()
| | Seq ()
ClassDecl (name: Z, superClass: Main)
| VarDecl (name: a, type: int)
| VarDecl (name: b, type: int)
| VarDecl (name: d, type: D)
| MethodDecl (argumentNames: [x, z, d, obj], argumentTypes: [X, Z, D, Object], name: bla, returnType: float)
| | Seq ()
| | Seq ()
| | | IfElse ()
| | | | BooleanConst (value: true)
| | | | Seq ()
| | | | | ReturnStmt ()
| | | | | | FloatConst (value: 3.4)
| | | | Seq ()
| | | | | IfElse ()
| | | | | | BooleanConst (value: true)
| | | | | | Seq ()
| | | | | | | ReturnStmt ()
| | | | | | | | FloatConst (value: 4.4)
| | | | | | Seq ()
| | | | | IfElse ()
| | | | | | BooleanConst (value: true)
| | | | | | Seq ()
| | | | | | | ReturnStmt ()
| | | | | | | | FloatConst (value: 3.4)
| | | | | | Seq ()
| | | | | | | WhileLoop ()
| | | | | | | | BooleanConst (value: false)
| | | | | | | | Seq ()
| | | | | | | | | ReturnStmt ()
| | | | | | | | | | FloatConst (value: 4.5)
| | | | | | | ReturnStmt ()
| | | | | | | | FloatConst (value: 4.5)
| MethodDecl (argumentNames: [], argumentTypes: [], name: blabla, returnType: float)
| | Seq ()
| | Seq ()
| | | ReturnStmt ()
| | | | FloatConst (value: 434.3)
ClassDecl (name: D, superClass: Z)
| MethodDecl (argumentNames: [], argumentTypes: [], name: exists, returnType: int)
| | Seq ()
| | Seq ()
| | | ReturnStmt ()
| | | | IntConst (value: 4)
