ClassDecl (name: X, superClass: Object)
| VarDecl (name: field, type: int)
ClassDecl (name: Main, superClass: Object)
| MethodDecl (argumentNames: [], argumentTypes: [], name: main, returnType: void)
| | Seq ()
| | | VarDecl (name: x, type: X)
| | | VarDecl (name: z, type: Z)
| | | VarDecl (name: d, type: D)
| | | VarDecl (name: result, type: int)
| | | VarDecl (name: ma, type: Main[])
| | Seq ()
| | | Assign ()
| | | | Var (name: z)
| | | | NewObject (typeName: Z)
| | | Assign ()
| | | | Var (name: d)
| | | | NewObject (typeName: D)
| | | Assign ()
| | | | Var (name: result)
| | | | MethodCallExpr (methodName: doesnotexist)
| | | | | Var (name: d)
ClassDecl (name: Z, superClass: X)
| VarDecl (name: a, type: int)
| VarDecl (name: b, type: int)
| MethodDecl (argumentNames: [x, z, d, obj], argumentTypes: [X, Z, D, Object], name: bla, returnType: float)
| | Seq ()
| | Seq ()
| | | ReturnStmt ()
| | | | BinaryOp (operator: B_TIMES)
| | | | | FloatConst (value: 3.14)
| | | | | FloatConst (value: 3.14)
| MethodDecl (argumentNames: [], argumentTypes: [], name: blabla, returnType: float)
| | Seq ()
| | Seq ()
| | | ReturnStmt ()
| | | | FloatConst (value: 434.3)
ClassDecl (name: D, superClass: Z)
