ClassDecl (name: X, superClass: Y)
| VarDecl (name: field, type: int)
| MethodDecl (argumentNames: [x, y, z], argumentTypes: [int, float, int], name: blablaSum, returnType: int)
| | Seq ()
| | | VarDecl (name: a, type: boolean)
| | Seq ()
| | | IfElse ()
| | | | BooleanConst (value: false)
| | | | Seq ()
| | | | | Assign ()
| | | | | | Var (name: a)
| | | | | | BinaryOp (operator: B_GREATER_THAN)
| | | | | | | Var (name: x)
| | | | | | | Var (name: y)
| | | | Seq ()
| | | ReturnStmt ()
| | | | BinaryOp (operator: B_PLUS)
| | | | | Var (name: x)
| | | | | Var (name: z)
ClassDecl (name: Y, superClass: Object)
ClassDecl (name: Main, superClass: Object)
| MethodDecl (argumentNames: [], argumentTypes: [], name: main, returnType: void)
| | Seq ()
| | | VarDecl (name: x, type: X)
| | | VarDecl (name: y, type: Y)
| | | VarDecl (name: z, type: Z)
| | Seq ()
| | | Assign ()
| | | | Var (name: z)
| | | | NewObject (typeName: Z)
| | | Assign ()
| | | | Var (name: x)
| | | | NewObject (typeName: X)
| | | Assign ()
| | | | Var (name: y)
| | | | NewObject (typeName: Y)
| | | Assign ()
| | | | Var (name: y)
| | | | Var (name: x)
| | | Assign ()
| | | | Var (name: y)
| | | | Var (name: z)
ClassDecl (name: Z, superClass: X)
