ClassDecl (name: X, superClass: Object)
ClassDecl (name: Main, superClass: Object)
| MethodDecl (argumentNames: [], argumentTypes: [], name: main, returnType: void)
| | Seq ()
| | | VarDecl (name: x, type: X)
| | | VarDecl (name: z, type: Z)
| | | VarDecl (name: d, type: D)
| | | VarDecl (name: lk, type: int)
| | Seq ()
| | | Assign ()
| | | | Var (name: lk)
| | | | IntConst (value: 0)
| | | Assign ()
| | | | Var (name: x)
| | | | NewObject (typeName: X)
| | | Assign ()
| | | | Var (name: z)
| | | | Cast (typeName: Z)
| | | | | Var (name: x)
| | | Assign ()
| | | | Var (name: d)
| | | | Cast (typeName: D)
| | | | | Var (name: x)
| | | Assign ()
| | | | Var (name: x)
| | | | Cast (typeName: X)
| | | | | Var (name: d)
ClassDecl (name: Z, superClass: X)
ClassDecl (name: D, superClass: Z)
