ClassDecl (name: X, superClass: Object)
| VarDecl (name: field, type: int)
ClassDecl (name: Main, superClass: Object)
| MethodDecl (argumentNames: [], argumentTypes: [], name: main, returnType: void)
| | Seq ()
| | | VarDecl (name: x, type: X)
| | | VarDecl (name: lk, type: int)
| | | VarDecl (name: z, type: float)
| | Seq ()
| | | Assign ()
| | | | Var (name: lk)
| | | | IntConst (value: 67)
| | | Assign ()
| | | | Var (name: z)
| | | | FloatConst (value: 8.33)
| | | Assign ()
| | | | Var (name: x)
| | | | NewObject (typeName: X)
| | | BuiltInWriteFloat ()
| | | | MethodCallExpr (methodName: bla)
| | | | | ThisRef ()
| | | | | Var (name: lk)
ClassDecl (name: Y, superClass: Object)
| VarDecl (name: a, type: int)
| VarDecl (name: b, type: int)
| MethodDecl (argumentNames: [zuu], argumentTypes: [int], name: bla, returnType: int)
| | Seq ()
| | Seq ()
| | | ReturnStmt ()
| | | | IntConst (value: 567)
