ClassDecl (name: A17bGF, superClass: Object)
| VarDecl (name: a, type: int)
| VarDecl (name: b, type: int)
| VarDecl (name: c, type: int)
| VarDecl (name: d, type: float)
| VarDecl (name: e, type: float)
| VarDecl (name: z, type: bool)
| VarDecl (name: u, type: bool)
| VarDecl (name: k, type: int)
| VarDecl (name: t, type: float)
| MethodDecl (argumentNames: [], argumentTypes: [], name: someMethod1, returnType: int)
| | Seq ()
| | Seq ()
| | | Assign ()
| | | | Var (name: a)
| | | | BinaryOp (operator: B_PLUS)
| | | | | BinaryOp (operator: B_TIMES)
| | | | | | IntConst (value: 6)
| | | | | | IntConst (value: 5)
| | | | | MethodCallExpr (methodName: someMethod)
| | | | | | MethodCallExpr (methodName: someMethod2)
| | | | | | | Var (name: B34)
| | | Assign ()
| | | | MethodCallExpr (methodName: b)
| | | | | Var (name: D)
| | | | BinaryOp (operator: B_PLUS)
| | | | | BinaryOp (operator: B_TIMES)
| | | | | | IntConst (value: 4)
| | | | | | IntConst (value: 3)
| | | | | Field (fieldName: a)
| | | | | | Var (name: Bhahaha2)
| | | ReturnStmt ()
| | | | BinaryOp (operator: B_TIMES)
| | | | | MethodCallExpr (methodName: bla)
| | | | | | Var (name: b)
| | | | | MethodCallExpr (methodName: bla)
| | | | | | Var (name: b)
ClassDecl (name: B34, superClass: Object)
| VarDecl (name: a, type: float)
| VarDecl (name: b, type: float)
| VarDecl (name: c, type: float)
| VarDecl (name: d, type: float)
| MethodDecl (argumentNames: [], argumentTypes: [], name: someMethod2, returnType: float)
| | Seq ()
| | Seq ()
| | | Assign ()
| | | | Var (name: b)
| | | | BinaryOp (operator: B_TIMES)
| | | | | BinaryOp (operator: B_PLUS)
| | | | | | BinaryOp (operator: B_MOD)
| | | | | | | BinaryOp (operator: B_TIMES)
| | | | | | | | Var (name: c)
| | | | | | | | Var (name: d)
| | | | | | | Var (name: b)
| | | | | | BinaryOp (operator: B_DIV)
| | | | | | | BinaryOp (operator: B_PLUS)
| | | | | | | | Var (name: c)
| | | | | | | | BinaryOp (operator: B_PLUS)
| | | | | | | | | Var (name: d)
| | | | | | | | | Var (name: e)
| | | | | | | IntConst (value: 89)
| | | | | IntConst (value: 30397)
| | | Assign ()
| | | | MethodCallExpr (methodName: methodXYZ)
| | | | | Field (fieldName: d)
| | | | | | Field (fieldName: b)
| | | | | | | Field (fieldName: a)
| | | | | | | | Var (name: A17bGF)
| | | | | IntConst (value: 34)
| | | | MethodCallExpr (methodName: getValue)
| | | | | Field (fieldName: x)
| | | | | | Var (name: A17bGF)
| | | ReturnStmt ()
| | | | BinaryOp (operator: B_TIMES)
| | | | | IntConst (value: 66)
| | | | | Var (name: s)
| MethodDecl (argumentNames: [], argumentTypes: [], name: someMethod3, returnType: void)
| | Seq ()
| | Seq ()
